------------------------------------------------------------
TimeQuest Timing Analyzer Summary
------------------------------------------------------------

Type  : Slow 1200mV 85C Model Setup 'clk'
Slack : -13.735
TNS   : -12370.153

Type  : Slow 1200mV 85C Model Hold 'clk'
Slack : 0.452
TNS   : 0.000

Type  : Slow 1200mV 85C Model Recovery 'clk'
Slack : 12.006
TNS   : 0.000

Type  : Slow 1200mV 85C Model Removal 'clk'
Slack : 2.766
TNS   : 0.000

Type  : Slow 1200mV 85C Model Minimum Pulse Width 'clk'
Slack : 7.652
TNS   : 0.000

Type  : Slow 1200mV 0C Model Setup 'clk'
Slack : -11.356
TNS   : -9621.617

Type  : Slow 1200mV 0C Model Hold 'clk'
Slack : 0.400
TNS   : 0.000

Type  : Slow 1200mV 0C Model Recovery 'clk'
Slack : 12.303
TNS   : 0.000

Type  : Slow 1200mV 0C Model Removal 'clk'
Slack : 2.447
TNS   : 0.000

Type  : Slow 1200mV 0C Model Minimum Pulse Width 'clk'
Slack : 7.661
TNS   : 0.000

Type  : Fast 1200mV 0C Model Setup 'clk'
Slack : 2.811
TNS   : 0.000

Type  : Fast 1200mV 0C Model Hold 'clk'
Slack : 0.185
TNS   : 0.000

Type  : Fast 1200mV 0C Model Recovery 'clk'
Slack : 14.160
TNS   : 0.000

Type  : Fast 1200mV 0C Model Removal 'clk'
Slack : 1.243
TNS   : 0.000

Type  : Fast 1200mV 0C Model Minimum Pulse Width 'clk'
Slack : 7.369
TNS   : 0.000

------------------------------------------------------------
